building cache: cache/train_13x160.u8 (28132 clips, 28.1 GB needed, 1265312.3 GB free)
cached 28132 clips
cache hit: cache/val_13x160.u8
X3D-S | 2 blocks frozen | 13 frames at 160px | 28132 train / 4418 val clips on cuda
epoch 1/100  loss 5.3202  acc 0.1174  val loss 5.2000  val acc 0.2415
epoch 2/100  loss 5.1095  acc 0.3403  val loss 5.0295  val acc 0.4169
epoch 3/100  loss 4.9618  acc 0.4890  val loss 4.9303  val acc 0.5161
epoch 4/100  loss 4.8576  acc 0.5936  val loss 4.8648  val acc 0.5819
epoch 5/100  loss 4.7821  acc 0.6654  val loss 4.8236  val acc 0.6215
epoch 6/100  loss 4.7296  acc 0.7159  val loss 4.7947  val acc 0.6498
epoch 7/100  loss 4.6828  acc 0.7615  val loss 4.8056  val acc 0.6351
epoch 8/100  loss 4.6479  acc 0.7947  val loss 4.7573  val acc 0.6824
epoch 9/100  loss 4.6241  acc 0.8177  val loss 4.7462  val acc 0.6974
epoch 10/100  loss 4.6028  acc 0.8376  val loss 4.7359  val acc 0.7062
epoch 11/100  loss 4.5870  acc 0.8533  val loss 4.7205  val acc 0.7180
epoch 12/100  loss 4.5725  acc 0.8649  val loss 4.7308  val acc 0.7044
epoch 13/100  loss 4.5603  acc 0.8765  val loss 4.7115  val acc 0.7288
epoch 14/100  loss 4.5448  acc 0.8915  val loss 4.7065  val acc 0.7311
epoch 15/100  loss 4.5395  acc 0.8970  val loss 4.7082  val acc 0.7286
epoch 16/100  loss 4.5284  acc 0.9065  val loss 4.7019  val acc 0.7365
epoch 17/100  loss 4.5229  acc 0.9127  val loss 4.6915  val acc 0.7426
epoch 18/100  loss 4.5183  acc 0.9160  val loss 4.6930  val acc 0.7415
epoch 19/100  loss 4.5124  acc 0.9213  val loss 4.6857  val acc 0.7488
epoch 20/100  loss 4.5073  acc 0.9261  val loss 4.6898  val acc 0.7445
epoch 21/100  loss 4.5058  acc 0.9273  val loss 4.6852  val acc 0.7522
epoch 22/100  loss 4.4994  acc 0.9331  val loss 4.6792  val acc 0.7560
epoch 23/100  loss 4.4976  acc 0.9350  val loss 4.6941  val acc 0.7381
epoch 24/100  loss 4.4921  acc 0.9413  val loss 4.6791  val acc 0.7562
epoch 25/100  loss 4.4892  acc 0.9434  val loss 4.6896  val acc 0.7431
epoch 26/100  loss 4.4870  acc 0.9452  val loss 4.6840  val acc 0.7499
epoch 27/100  loss 4.4840  acc 0.9478  val loss 4.6717  val acc 0.7598
epoch 28/100  loss 4.4816  acc 0.9506  val loss 4.6766  val acc 0.7567
epoch 29/100  loss 4.4798  acc 0.9518  val loss 4.6600  val acc 0.7725
epoch 30/100  loss 4.4779  acc 0.9529  val loss 4.6674  val acc 0.7646
epoch 31/100  loss 4.4771  acc 0.9543  val loss 4.6527  val acc 0.7829
epoch 32/100  loss 4.4728  acc 0.9582  val loss 4.6615  val acc 0.7700
epoch 33/100  loss 4.4710  acc 0.9603  val loss 4.6730  val acc 0.7592
epoch 34/100  loss 4.4714  acc 0.9592  val loss 4.6797  val acc 0.7522
epoch 35/100  loss 4.4698  acc 0.9610  val loss 4.6497  val acc 0.7804
epoch 36/100  loss 4.4667  acc 0.9636  val loss 4.6669  val acc 0.7657
epoch 37/100  loss 4.4679  acc 0.9630  val loss 4.6610  val acc 0.7734
epoch 38/100  loss 4.4678  acc 0.9626  val loss 4.6571  val acc 0.7737
epoch 39/100  loss 4.4658  acc 0.9651  val loss 4.6633  val acc 0.7691
epoch 40/100  loss 4.4659  acc 0.9645  val loss 4.6634  val acc 0.7678
epoch 41/100  loss 4.4652  acc 0.9649  val loss 4.6585  val acc 0.7732
epoch 42/100  loss 4.4645  acc 0.9659  val loss 4.6494  val acc 0.7843
epoch 43/100  loss 4.4650  acc 0.9653  val loss 4.6655  val acc 0.7678
epoch 44/100  loss 4.4637  acc 0.9663  val loss 4.6548  val acc 0.7757
epoch 45/100  loss 4.4625  acc 0.9682  val loss 4.6523  val acc 0.7818
epoch 46/100  loss 4.4602  acc 0.9698  val loss 4.6491  val acc 0.7845
epoch 47/100  loss 4.4598  acc 0.9702  val loss 4.6667  val acc 0.7653
epoch 48/100  loss 4.4571  acc 0.9733  val loss 4.6445  val acc 0.7870
epoch 49/100  loss 4.4561  acc 0.9742  val loss 4.6426  val acc 0.7881
epoch 50/100  loss 4.4567  acc 0.9729  val loss 4.6387  val acc 0.7918
epoch 51/100  loss 4.4550  acc 0.9746  val loss 4.6443  val acc 0.7866
epoch 52/100  loss 4.4544  acc 0.9755  val loss 4.6457  val acc 0.7879
epoch 53/100  loss 4.4535  acc 0.9759  val loss 4.6449  val acc 0.7852
epoch 54/100  loss 4.4559  acc 0.9743  val loss 4.6489  val acc 0.7850
epoch 55/100  loss 4.4548  acc 0.9746  val loss 4.6533  val acc 0.7780
epoch 56/100  loss 4.4542  acc 0.9756  val loss 4.6379  val acc 0.7936
epoch 57/100  loss 4.4547  acc 0.9748  val loss 4.6494  val acc 0.7834
epoch 58/100  loss 4.4520  acc 0.9778  val loss 4.6581  val acc 0.7707
epoch 59/100  loss 4.4521  acc 0.9776  val loss 4.6477  val acc 0.7836
epoch 60/100  loss 4.4521  acc 0.9775  val loss 4.6385  val acc 0.7954
epoch 61/100  loss 4.4528  acc 0.9766  val loss 4.6422  val acc 0.7884
epoch 62/100  loss 4.4525  acc 0.9769  val loss 4.6551  val acc 0.7770
epoch 63/100  loss 4.4523  acc 0.9770  val loss 4.6433  val acc 0.7879
epoch 64/100  loss 4.4521  acc 0.9773  val loss 4.6468  val acc 0.7861
epoch 65/100  loss 4.4515  acc 0.9777  val loss 4.6459  val acc 0.7859
epoch 66/100  loss 4.4523  acc 0.9770  val loss 4.6323  val acc 0.7995
epoch 67/100  loss 4.4495  acc 0.9800  val loss 4.6457  val acc 0.7847
epoch 68/100  loss 4.4517  acc 0.9775  val loss 4.6546  val acc 0.7748
epoch 69/100  loss 4.4505  acc 0.9789  val loss 4.6593  val acc 0.7700
epoch 70/100  loss 4.4493  acc 0.9799  val loss 4.6276  val acc 0.8035
epoch 71/100  loss 4.4483  acc 0.9811  val loss 4.6366  val acc 0.7949
epoch 72/100  loss 4.4469  acc 0.9825  val loss 4.6406  val acc 0.7890
epoch 73/100  loss 4.4462  acc 0.9833  val loss 4.6290  val acc 0.8033
epoch 74/100  loss 4.4450  acc 0.9844  val loss 4.6401  val acc 0.7895
epoch 75/100  loss 4.4455  acc 0.9837  val loss 4.6384  val acc 0.7933
epoch 76/100  loss 4.4477  acc 0.9813  val loss 4.6481  val acc 0.7825
epoch 77/100  loss 4.4462  acc 0.9829  val loss 4.6292  val acc 0.8008
epoch 78/100  loss 4.4469  acc 0.9822  val loss 4.6319  val acc 0.7986
epoch 79/100  loss 4.4455  acc 0.9839  val loss 4.6410  val acc 0.7904
epoch 80/100  loss 4.4474  acc 0.9821  val loss 4.6543  val acc 0.7789
epoch 81/100  loss 4.4464  acc 0.9827  val loss 4.6412  val acc 0.7893
epoch 82/100  loss 4.4446  acc 0.9846  val loss 4.6335  val acc 0.7974
epoch 83/100  loss 4.4455  acc 0.9834  val loss 4.6420  val acc 0.7879
epoch 84/100  loss 4.4434  acc 0.9857  val loss 4.6315  val acc 0.7990
epoch 85/100  loss 4.4458  acc 0.9835  val loss 4.6219  val acc 0.8105
epoch 86/100  loss 4.4460  acc 0.9831  val loss 4.6250  val acc 0.8051
epoch 87/100  loss 4.4440  acc 0.9850  val loss 4.6350  val acc 0.7961
epoch 88/100  loss 4.4443  acc 0.9845  val loss 4.6368  val acc 0.7936
epoch 89/100  loss 4.4450  acc 0.9844  val loss 4.6445  val acc 0.7854
epoch 90/100  loss 4.4429  acc 0.9858  val loss 4.6409  val acc 0.7879
epoch 91/100  loss 4.4428  acc 0.9861  val loss 4.6330  val acc 0.8008
epoch 92/100  loss 4.4442  acc 0.9847  val loss 4.6255  val acc 0.8042
epoch 93/100  loss 4.4424  acc 0.9866  val loss 4.6283  val acc 0.8013
epoch 94/100  loss 4.4431  acc 0.9857  val loss 4.6470  val acc 0.7829
epoch 95/100  loss 4.4414  acc 0.9879  val loss 4.6250  val acc 0.8051
epoch 96/100  loss 4.4422  acc 0.9865  val loss 4.6443  val acc 0.7881
epoch 97/100  loss 4.4393  acc 0.9894  val loss 4.6339  val acc 0.7963
epoch 98/100  loss 4.4409  acc 0.9879  val loss 4.6445  val acc 0.7843
epoch 99/100  loss 4.4402  acc 0.9889  val loss 4.6350  val acc 0.7958
epoch 100/100  loss 4.4403  acc 0.9884  val loss 4.6519  val acc 0.7793
saved checkpoints/x3d_s_freeze2.pt and figures/x3d_s_freeze2.png
