cache hit: cache/train_4x160.u8
cache hit: cache/val_4x160.u8
X3D-XS | 2 blocks frozen | 4 frames at 160px | 28132 train / 4418 val clips on cuda
epoch 1/100  loss 5.3701  acc 0.0631  val loss 5.2875  val acc 0.1487
epoch 2/100  loss 5.2363  acc 0.2042  val loss 5.1964  val acc 0.2424
epoch 3/100  loss 5.1389  acc 0.3055  val loss 5.1204  val acc 0.3225
epoch 4/100  loss 5.0591  acc 0.3839  val loss 5.0674  val acc 0.3726
epoch 5/100  loss 4.9955  acc 0.4468  val loss 5.0284  val acc 0.4106
epoch 6/100  loss 4.9484  acc 0.4925  val loss 4.9999  val acc 0.4402
epoch 7/100  loss 4.9142  acc 0.5269  val loss 4.9804  val acc 0.4593
epoch 8/100  loss 4.8796  acc 0.5605  val loss 4.9623  val acc 0.4769
epoch 9/100  loss 4.8534  acc 0.5862  val loss 4.9365  val acc 0.4975
epoch 10/100  loss 4.8281  acc 0.6107  val loss 4.9240  val acc 0.5124
epoch 11/100  loss 4.7976  acc 0.6412  val loss 4.9319  val acc 0.5048
epoch 12/100  loss 4.7762  acc 0.6628  val loss 4.9143  val acc 0.5235
epoch 13/100  loss 4.7544  acc 0.6837  val loss 4.9120  val acc 0.5222
epoch 14/100  loss 4.7448  acc 0.6931  val loss 4.9023  val acc 0.5335
epoch 15/100  loss 4.7293  acc 0.7083  val loss 4.8921  val acc 0.5416
epoch 16/100  loss 4.7140  acc 0.7223  val loss 4.8839  val acc 0.5534
epoch 17/100  loss 4.7052  acc 0.7303  val loss 4.8960  val acc 0.5373
epoch 18/100  loss 4.6906  acc 0.7452  val loss 4.8822  val acc 0.5534
epoch 19/100  loss 4.6813  acc 0.7547  val loss 4.8847  val acc 0.5521
epoch 20/100  loss 4.6686  acc 0.7660  val loss 4.8676  val acc 0.5677
epoch 21/100  loss 4.6559  acc 0.7783  val loss 4.8767  val acc 0.5611
epoch 22/100  loss 4.6492  acc 0.7854  val loss 4.8643  val acc 0.5704
epoch 23/100  loss 4.6421  acc 0.7920  val loss 4.8750  val acc 0.5577
epoch 24/100  loss 4.6370  acc 0.7971  val loss 4.8800  val acc 0.5539
epoch 25/100  loss 4.6337  acc 0.8002  val loss 4.8842  val acc 0.5523
epoch 26/100  loss 4.6277  acc 0.8060  val loss 4.8647  val acc 0.5677
epoch 27/100  loss 4.6221  acc 0.8110  val loss 4.8680  val acc 0.5645
epoch 28/100  loss 4.6097  acc 0.8236  val loss 4.8659  val acc 0.5688
epoch 29/100  loss 4.6039  acc 0.8286  val loss 4.8677  val acc 0.5647
epoch 30/100  loss 4.5978  acc 0.8355  val loss 4.8530  val acc 0.5810
epoch 31/100  loss 4.5953  acc 0.8379  val loss 4.8752  val acc 0.5598
epoch 32/100  loss 4.5911  acc 0.8417  val loss 4.8587  val acc 0.5754
epoch 33/100  loss 4.5856  acc 0.8473  val loss 4.8470  val acc 0.5880
epoch 34/100  loss 4.5845  acc 0.8476  val loss 4.8494  val acc 0.5824
epoch 35/100  loss 4.5782  acc 0.8544  val loss 4.8611  val acc 0.5724
epoch 36/100  loss 4.5766  acc 0.8555  val loss 4.8733  val acc 0.5595
epoch 37/100  loss 4.5712  acc 0.8609  val loss 4.8650  val acc 0.5650
epoch 38/100  loss 4.5698  acc 0.8625  val loss 4.8425  val acc 0.5899
epoch 39/100  loss 4.5640  acc 0.8678  val loss 4.8498  val acc 0.5858
epoch 40/100  loss 4.5612  acc 0.8705  val loss 4.8267  val acc 0.6064
epoch 41/100  loss 4.5570  acc 0.8747  val loss 4.8432  val acc 0.5905
epoch 42/100  loss 4.5494  acc 0.8824  val loss 4.8398  val acc 0.5923
epoch 43/100  loss 4.5494  acc 0.8823  val loss 4.8407  val acc 0.5921
epoch 44/100  loss 4.5461  acc 0.8855  val loss 4.8293  val acc 0.6073
epoch 45/100  loss 4.5416  acc 0.8899  val loss 4.8527  val acc 0.5801
epoch 46/100  loss 4.5395  acc 0.8915  val loss 4.8439  val acc 0.5878
epoch 47/100  loss 4.5389  acc 0.8924  val loss 4.8416  val acc 0.5923
epoch 48/100  loss 4.5360  acc 0.8951  val loss 4.8531  val acc 0.5799
epoch 49/100  loss 4.5301  acc 0.9012  val loss 4.8548  val acc 0.5767
epoch 50/100  loss 4.5292  acc 0.9014  val loss 4.8391  val acc 0.5896
epoch 51/100  loss 4.5279  acc 0.9035  val loss 4.8291  val acc 0.6003
epoch 52/100  loss 4.5239  acc 0.9071  val loss 4.8366  val acc 0.5957
epoch 53/100  loss 4.5225  acc 0.9086  val loss 4.8250  val acc 0.6077
epoch 54/100  loss 4.5238  acc 0.9074  val loss 4.8163  val acc 0.6150
epoch 55/100  loss 4.5216  acc 0.9089  val loss 4.8444  val acc 0.5867
epoch 56/100  loss 4.5217  acc 0.9088  val loss 4.8167  val acc 0.6175
epoch 57/100  loss 4.5166  acc 0.9142  val loss 4.8390  val acc 0.5914
epoch 58/100  loss 4.5143  acc 0.9164  val loss 4.8061  val acc 0.6258
epoch 59/100  loss 4.5124  acc 0.9178  val loss 4.8266  val acc 0.6050
epoch 60/100  loss 4.5090  acc 0.9215  val loss 4.8369  val acc 0.5955
epoch 61/100  loss 4.5039  acc 0.9264  val loss 4.8182  val acc 0.6145
epoch 62/100  loss 4.5038  acc 0.9267  val loss 4.8287  val acc 0.6032
epoch 63/100  loss 4.4965  acc 0.9350  val loss 4.8333  val acc 0.5976
epoch 64/100  loss 4.4953  acc 0.9355  val loss 4.8170  val acc 0.6161
epoch 65/100  loss 4.4947  acc 0.9363  val loss 4.8222  val acc 0.6109
epoch 66/100  loss 4.4949  acc 0.9356  val loss 4.8176  val acc 0.6132
epoch 67/100  loss 4.4914  acc 0.9387  val loss 4.8297  val acc 0.6023
epoch 68/100  loss 4.4922  acc 0.9379  val loss 4.8242  val acc 0.6080
epoch 69/100  loss 4.4889  acc 0.9415  val loss 4.8102  val acc 0.6236
epoch 70/100  loss 4.4904  acc 0.9394  val loss 4.8146  val acc 0.6154
epoch 71/100  loss 4.4892  acc 0.9410  val loss 4.8287  val acc 0.6041
epoch 72/100  loss 4.4891  acc 0.9407  val loss 4.8040  val acc 0.6265
epoch 73/100  loss 4.4867  acc 0.9436  val loss 4.7980  val acc 0.6326
epoch 74/100  loss 4.4852  acc 0.9453  val loss 4.8155  val acc 0.6161
epoch 75/100  loss 4.4840  acc 0.9461  val loss 4.8135  val acc 0.6175
epoch 76/100  loss 4.4822  acc 0.9476  val loss 4.8042  val acc 0.6263
epoch 77/100  loss 4.4846  acc 0.9454  val loss 4.8128  val acc 0.6202
epoch 78/100  loss 4.4790  acc 0.9512  val loss 4.8082  val acc 0.6258
epoch 79/100  loss 4.4822  acc 0.9482  val loss 4.8072  val acc 0.6222
epoch 80/100  loss 4.4807  acc 0.9493  val loss 4.8142  val acc 0.6191
epoch 81/100  loss 4.4797  acc 0.9504  val loss 4.8156  val acc 0.6184
epoch 82/100  loss 4.4800  acc 0.9497  val loss 4.8024  val acc 0.6286
epoch 83/100  loss 4.4770  acc 0.9529  val loss 4.8006  val acc 0.6297
epoch 84/100  loss 4.4745  acc 0.9552  val loss 4.7862  val acc 0.6421
epoch 85/100  loss 4.4746  acc 0.9551  val loss 4.7977  val acc 0.6331
epoch 86/100  loss 4.4734  acc 0.9564  val loss 4.8106  val acc 0.6177
epoch 87/100  loss 4.4723  acc 0.9578  val loss 4.8151  val acc 0.6161
epoch 88/100  loss 4.4748  acc 0.9548  val loss 4.8275  val acc 0.6037
epoch 89/100  loss 4.4718  acc 0.9579  val loss 4.8009  val acc 0.6286
epoch 90/100  loss 4.4723  acc 0.9573  val loss 4.8012  val acc 0.6315
epoch 91/100  loss 4.4714  acc 0.9584  val loss 4.8142  val acc 0.6154
epoch 92/100  loss 4.4719  acc 0.9576  val loss 4.8069  val acc 0.6240
epoch 93/100  loss 4.4708  acc 0.9592  val loss 4.8022  val acc 0.6290
epoch 94/100  loss 4.4700  acc 0.9596  val loss 4.8220  val acc 0.6096
epoch 95/100  loss 4.4692  acc 0.9603  val loss 4.8239  val acc 0.6050
epoch 96/100  loss 4.4707  acc 0.9587  val loss 4.8076  val acc 0.6234
epoch 97/100  loss 4.4698  acc 0.9598  val loss 4.8377  val acc 0.5933
epoch 98/100  loss 4.4706  acc 0.9589  val loss 4.8137  val acc 0.6154
epoch 99/100  loss 4.4659  acc 0.9636  val loss 4.8133  val acc 0.6148
epoch 100/100  loss 4.4660  acc 0.9635  val loss 4.8257  val acc 0.6032
saved checkpoints/x3d_xs_freeze2.pt and figures/x3d_xs_freeze2.png
