cache hit: cache/train_4x160.u8
cache hit: cache/val_4x160.u8
X3D-XS | 3 blocks frozen | 4 frames at 160px | 28132 train / 4418 val clips on cuda
epoch 1/100  loss 5.3665  acc 0.0667  val loss 5.2927  val acc 0.1421
epoch 2/100  loss 5.2471  acc 0.1913  val loss 5.2128  val acc 0.2216
epoch 3/100  loss 5.1515  acc 0.2909  val loss 5.1366  val acc 0.3035
epoch 4/100  loss 5.0767  acc 0.3664  val loss 5.0832  val acc 0.3547
epoch 5/100  loss 5.0189  acc 0.4232  val loss 5.0459  val acc 0.3936
epoch 6/100  loss 4.9775  acc 0.4634  val loss 5.0363  val acc 0.4013
epoch 7/100  loss 4.9424  acc 0.4979  val loss 5.0134  val acc 0.4262
epoch 8/100  loss 4.9070  acc 0.5333  val loss 4.9833  val acc 0.4570
epoch 9/100  loss 4.8730  acc 0.5679  val loss 4.9626  val acc 0.4733
epoch 10/100  loss 4.8489  acc 0.5914  val loss 4.9555  val acc 0.4830
epoch 11/100  loss 4.8237  acc 0.6152  val loss 4.9688  val acc 0.4679
epoch 12/100  loss 4.8032  acc 0.6350  val loss 4.9367  val acc 0.4991
epoch 13/100  loss 4.7781  acc 0.6601  val loss 4.9345  val acc 0.4998
epoch 14/100  loss 4.7600  acc 0.6782  val loss 4.9331  val acc 0.5023
epoch 15/100  loss 4.7431  acc 0.6945  val loss 4.9131  val acc 0.5251
epoch 16/100  loss 4.7245  acc 0.7126  val loss 4.9005  val acc 0.5346
epoch 17/100  loss 4.7122  acc 0.7243  val loss 4.9090  val acc 0.5260
epoch 18/100  loss 4.6978  acc 0.7391  val loss 4.9042  val acc 0.5330
epoch 19/100  loss 4.6845  acc 0.7523  val loss 4.9231  val acc 0.5097
epoch 20/100  loss 4.6684  acc 0.7680  val loss 4.9051  val acc 0.5333
epoch 21/100  loss 4.6573  acc 0.7781  val loss 4.9019  val acc 0.5326
epoch 22/100  loss 4.6456  acc 0.7903  val loss 4.8962  val acc 0.5355
epoch 23/100  loss 4.6365  acc 0.7991  val loss 4.8969  val acc 0.5394
epoch 24/100  loss 4.6248  acc 0.8101  val loss 4.9075  val acc 0.5249
epoch 25/100  loss 4.6195  acc 0.8144  val loss 4.9088  val acc 0.5276
epoch 26/100  loss 4.6108  acc 0.8244  val loss 4.9034  val acc 0.5321
epoch 27/100  loss 4.6023  acc 0.8324  val loss 4.9079  val acc 0.5258
epoch 28/100  loss 4.5932  acc 0.8410  val loss 4.9102  val acc 0.5229
epoch 29/100  loss 4.5895  acc 0.8440  val loss 4.8881  val acc 0.5457
epoch 30/100  loss 4.5852  acc 0.8484  val loss 4.9233  val acc 0.5097
epoch 31/100  loss 4.5806  acc 0.8523  val loss 4.8898  val acc 0.5430
epoch 32/100  loss 4.5786  acc 0.8544  val loss 4.8990  val acc 0.5342
epoch 33/100  loss 4.5740  acc 0.8587  val loss 4.9046  val acc 0.5272
epoch 34/100  loss 4.5720  acc 0.8605  val loss 4.8898  val acc 0.5428
epoch 35/100  loss 4.5696  acc 0.8624  val loss 4.8961  val acc 0.5362
epoch 36/100  loss 4.5653  acc 0.8670  val loss 4.8683  val acc 0.5634
epoch 37/100  loss 4.5645  acc 0.8673  val loss 4.8739  val acc 0.5600
epoch 38/100  loss 4.5639  acc 0.8686  val loss 4.8756  val acc 0.5555
epoch 39/100  loss 4.5572  acc 0.8746  val loss 4.8842  val acc 0.5491
epoch 40/100  loss 4.5571  acc 0.8750  val loss 4.8968  val acc 0.5376
epoch 41/100  loss 4.5539  acc 0.8783  val loss 4.8732  val acc 0.5643
epoch 42/100  loss 4.5528  acc 0.8781  val loss 4.8881  val acc 0.5432
epoch 43/100  loss 4.5497  acc 0.8820  val loss 4.8758  val acc 0.5573
epoch 44/100  loss 4.5446  acc 0.8869  val loss 4.8722  val acc 0.5609
epoch 45/100  loss 4.5394  acc 0.8920  val loss 4.9062  val acc 0.5269
epoch 46/100  loss 4.5385  acc 0.8928  val loss 4.8873  val acc 0.5448
epoch 47/100  loss 4.5359  acc 0.8962  val loss 4.9052  val acc 0.5254
epoch 48/100  loss 4.5295  acc 0.9025  val loss 4.8663  val acc 0.5661
epoch 49/100  loss 4.5310  acc 0.9002  val loss 4.8752  val acc 0.5573
epoch 50/100  loss 4.5271  acc 0.9038  val loss 4.8680  val acc 0.5641
epoch 51/100  loss 4.5275  acc 0.9030  val loss 4.8913  val acc 0.5396
epoch 52/100  loss 4.5248  acc 0.9058  val loss 4.8703  val acc 0.5625
epoch 53/100  loss 4.5237  acc 0.9068  val loss 4.8888  val acc 0.5423
epoch 54/100  loss 4.5204  acc 0.9105  val loss 4.8822  val acc 0.5482
epoch 55/100  loss 4.5179  acc 0.9131  val loss 4.8781  val acc 0.5543
epoch 56/100  loss 4.5171  acc 0.9145  val loss 4.8797  val acc 0.5539
epoch 57/100  loss 4.5149  acc 0.9162  val loss 4.8630  val acc 0.5688
epoch 58/100  loss 4.5100  acc 0.9214  val loss 4.8737  val acc 0.5570
epoch 59/100  loss 4.5091  acc 0.9218  val loss 4.8717  val acc 0.5607
epoch 60/100  loss 4.5069  acc 0.9238  val loss 4.8705  val acc 0.5611
epoch 61/100  loss 4.5046  acc 0.9261  val loss 4.8748  val acc 0.5559
epoch 62/100  loss 4.5013  acc 0.9294  val loss 4.8743  val acc 0.5566
epoch 63/100  loss 4.5029  acc 0.9277  val loss 4.8656  val acc 0.5647
epoch 64/100  loss 4.4996  acc 0.9312  val loss 4.8824  val acc 0.5498
epoch 65/100  loss 4.4985  acc 0.9323  val loss 4.8833  val acc 0.5469
epoch 66/100  loss 4.4984  acc 0.9318  val loss 4.8905  val acc 0.5403
epoch 67/100  loss 4.4989  acc 0.9319  val loss 4.8753  val acc 0.5559
epoch 68/100  loss 4.4969  acc 0.9332  val loss 4.8692  val acc 0.5627
epoch 69/100  loss 4.4954  acc 0.9353  val loss 4.8776  val acc 0.5548
epoch 70/100  loss 4.4939  acc 0.9363  val loss 4.8691  val acc 0.5629
epoch 71/100  loss 4.4943  acc 0.9361  val loss 4.8728  val acc 0.5591
epoch 72/100  loss 4.4936  acc 0.9365  val loss 4.8765  val acc 0.5536
epoch 73/100  loss 4.4923  acc 0.9378  val loss 4.8741  val acc 0.5577
epoch 74/100  loss 4.4927  acc 0.9374  val loss 4.8463  val acc 0.5871
epoch 75/100  loss 4.4913  acc 0.9388  val loss 4.8644  val acc 0.5677
epoch 76/100  loss 4.4909  acc 0.9390  val loss 4.8555  val acc 0.5767
epoch 77/100  loss 4.4862  acc 0.9442  val loss 4.8806  val acc 0.5512
epoch 78/100  loss 4.4823  acc 0.9479  val loss 4.8577  val acc 0.5718
epoch 79/100  loss 4.4838  acc 0.9461  val loss 4.8622  val acc 0.5681
epoch 80/100  loss 4.4830  acc 0.9468  val loss 4.8845  val acc 0.5484
epoch 81/100  loss 4.4861  acc 0.9437  val loss 4.8702  val acc 0.5618
epoch 82/100  loss 4.4815  acc 0.9484  val loss 4.8638  val acc 0.5681
epoch 83/100  loss 4.4806  acc 0.9491  val loss 4.8686  val acc 0.5616
epoch 84/100  loss 4.4809  acc 0.9489  val loss 4.8737  val acc 0.5548
epoch 85/100  loss 4.4787  acc 0.9515  val loss 4.8636  val acc 0.5675
epoch 86/100  loss 4.4789  acc 0.9511  val loss 4.8723  val acc 0.5591
epoch 87/100  loss 4.4781  acc 0.9516  val loss 4.8777  val acc 0.5557
epoch 88/100  loss 4.4780  acc 0.9516  val loss 4.8985  val acc 0.5330
epoch 89/100  loss 4.4796  acc 0.9500  val loss 4.8895  val acc 0.5414
epoch 90/100  loss 4.4784  acc 0.9514  val loss 4.8569  val acc 0.5738
epoch 91/100  loss 4.4784  acc 0.9515  val loss 4.8721  val acc 0.5600
epoch 92/100  loss 4.4760  acc 0.9533  val loss 4.8796  val acc 0.5518
epoch 93/100  loss 4.4776  acc 0.9516  val loss 4.8665  val acc 0.5650
epoch 94/100  loss 4.4746  acc 0.9550  val loss 4.8741  val acc 0.5573
epoch 95/100  loss 4.4725  acc 0.9575  val loss 4.8595  val acc 0.5729
epoch 96/100  loss 4.4731  acc 0.9568  val loss 4.8616  val acc 0.5690
epoch 97/100  loss 4.4709  acc 0.9587  val loss 4.8759  val acc 0.5555
epoch 98/100  loss 4.4717  acc 0.9578  val loss 4.8715  val acc 0.5586
epoch 99/100  loss 4.4710  acc 0.9582  val loss 4.8743  val acc 0.5557
epoch 100/100  loss 4.4707  acc 0.9592  val loss 4.8749  val acc 0.5541
saved checkpoints/x3d_xs_freeze3.pt and figures/x3d_xs_freeze3.png
