cache hit: cache/train_16x224.u8
cache hit: cache/val_16x224.u8
X3D-M | 4 blocks frozen | 16 frames at 224px | 28132 train / 4418 val clips on cuda
epoch 1/100  loss 5.3026  acc 0.1412  val loss 5.1246  val acc 0.3246
epoch 2/100  loss 5.0368  acc 0.4204  val loss 4.9890  val acc 0.4611
epoch 3/100  loss 4.8955  acc 0.5599  val loss 4.9059  val acc 0.5385
epoch 4/100  loss 4.8056  acc 0.6467  val loss 4.8619  val acc 0.5808
epoch 5/100  loss 4.7458  acc 0.7022  val loss 4.8263  val acc 0.6191
epoch 6/100  loss 4.7002  acc 0.7478  val loss 4.8025  val acc 0.6369
epoch 7/100  loss 4.6671  acc 0.7780  val loss 4.7831  val acc 0.6598
epoch 8/100  loss 4.6428  acc 0.7998  val loss 4.7832  val acc 0.6532
epoch 9/100  loss 4.6231  acc 0.8179  val loss 4.7675  val acc 0.6698
epoch 10/100  loss 4.6075  acc 0.8323  val loss 4.7654  val acc 0.6747
epoch 11/100  loss 4.5936  acc 0.8449  val loss 4.7547  val acc 0.6822
epoch 12/100  loss 4.5816  acc 0.8563  val loss 4.7618  val acc 0.6747
epoch 13/100  loss 4.5697  acc 0.8680  val loss 4.7399  val acc 0.6971
epoch 14/100  loss 4.5577  acc 0.8788  val loss 4.7430  val acc 0.6926
epoch 15/100  loss 4.5485  acc 0.8873  val loss 4.7432  val acc 0.6919
epoch 16/100  loss 4.5445  acc 0.8904  val loss 4.7254  val acc 0.7105
epoch 17/100  loss 4.5383  acc 0.8964  val loss 4.7272  val acc 0.7091
epoch 18/100  loss 4.5334  acc 0.9009  val loss 4.7153  val acc 0.7191
epoch 19/100  loss 4.5284  acc 0.9055  val loss 4.7242  val acc 0.7096
epoch 20/100  loss 4.5240  acc 0.9094  val loss 4.7267  val acc 0.7094
epoch 21/100  loss 4.5174  acc 0.9166  val loss 4.7107  val acc 0.7239
epoch 22/100  loss 4.5138  acc 0.9194  val loss 4.7047  val acc 0.7331
epoch 23/100  loss 4.5098  acc 0.9231  val loss 4.6985  val acc 0.7374
epoch 24/100  loss 4.5059  acc 0.9266  val loss 4.7113  val acc 0.7232
epoch 25/100  loss 4.5071  acc 0.9250  val loss 4.7022  val acc 0.7329
epoch 26/100  loss 4.5023  acc 0.9297  val loss 4.6978  val acc 0.7374
epoch 27/100  loss 4.4991  acc 0.9334  val loss 4.7166  val acc 0.7173
epoch 28/100  loss 4.4938  acc 0.9384  val loss 4.6967  val acc 0.7377
epoch 29/100  loss 4.4937  acc 0.9383  val loss 4.6902  val acc 0.7431
epoch 30/100  loss 4.4906  acc 0.9406  val loss 4.7160  val acc 0.7162
epoch 31/100  loss 4.4891  acc 0.9426  val loss 4.6992  val acc 0.7316
epoch 32/100  loss 4.4894  acc 0.9415  val loss 4.6877  val acc 0.7460
epoch 33/100  loss 4.4858  acc 0.9455  val loss 4.6965  val acc 0.7365
epoch 34/100  loss 4.4841  acc 0.9466  val loss 4.6838  val acc 0.7508
epoch 35/100  loss 4.4822  acc 0.9486  val loss 4.6957  val acc 0.7365
epoch 36/100  loss 4.4824  acc 0.9490  val loss 4.7066  val acc 0.7248
epoch 37/100  loss 4.4797  acc 0.9508  val loss 4.7060  val acc 0.7266
epoch 38/100  loss 4.4784  acc 0.9523  val loss 4.6947  val acc 0.7390
epoch 39/100  loss 4.4730  acc 0.9581  val loss 4.6967  val acc 0.7347
epoch 40/100  loss 4.4739  acc 0.9568  val loss 4.6882  val acc 0.7454
epoch 41/100  loss 4.4706  acc 0.9601  val loss 4.6960  val acc 0.7365
epoch 42/100  loss 4.4648  acc 0.9657  val loss 4.6967  val acc 0.7329
epoch 43/100  loss 4.4690  acc 0.9615  val loss 4.6802  val acc 0.7555
epoch 44/100  loss 4.4666  acc 0.9638  val loss 4.6976  val acc 0.7359
epoch 45/100  loss 4.4648  acc 0.9662  val loss 4.6909  val acc 0.7426
epoch 46/100  loss 4.4649  acc 0.9653  val loss 4.6967  val acc 0.7356
epoch 47/100  loss 4.4641  acc 0.9662  val loss 4.6798  val acc 0.7542
epoch 48/100  loss 4.4626  acc 0.9674  val loss 4.6898  val acc 0.7424
epoch 49/100  loss 4.4642  acc 0.9659  val loss 4.6912  val acc 0.7395
epoch 50/100  loss 4.4598  acc 0.9698  val loss 4.6867  val acc 0.7424
epoch 51/100  loss 4.4615  acc 0.9683  val loss 4.6752  val acc 0.7565
epoch 52/100  loss 4.4607  acc 0.9694  val loss 4.6859  val acc 0.7469
epoch 53/100  loss 4.4601  acc 0.9695  val loss 4.6936  val acc 0.7386
epoch 54/100  loss 4.4622  acc 0.9677  val loss 4.6782  val acc 0.7540
epoch 55/100  loss 4.4610  acc 0.9689  val loss 4.6873  val acc 0.7438
epoch 56/100  loss 4.4593  acc 0.9703  val loss 4.6761  val acc 0.7560
epoch 57/100  loss 4.4590  acc 0.9705  val loss 4.6718  val acc 0.7592
epoch 58/100  loss 4.4576  acc 0.9721  val loss 4.6760  val acc 0.7549
epoch 59/100  loss 4.4597  acc 0.9697  val loss 4.6876  val acc 0.7429
epoch 60/100  loss 4.4575  acc 0.9720  val loss 4.6767  val acc 0.7553
epoch 61/100  loss 4.4551  acc 0.9748  val loss 4.6767  val acc 0.7542
epoch 62/100  loss 4.4549  acc 0.9749  val loss 4.6729  val acc 0.7565
epoch 63/100  loss 4.4529  acc 0.9762  val loss 4.6807  val acc 0.7490
epoch 64/100  loss 4.4534  acc 0.9761  val loss 4.6894  val acc 0.7397
epoch 65/100  loss 4.4539  acc 0.9757  val loss 4.6909  val acc 0.7390
epoch 66/100  loss 4.4518  acc 0.9777  val loss 4.6930  val acc 0.7368
epoch 67/100  loss 4.4530  acc 0.9768  val loss 4.6703  val acc 0.7598
epoch 68/100  loss 4.4522  acc 0.9772  val loss 4.6818  val acc 0.7488
epoch 69/100  loss 4.4514  acc 0.9779  val loss 4.6748  val acc 0.7569
epoch 70/100  loss 4.4513  acc 0.9783  val loss 4.6858  val acc 0.7481
epoch 71/100  loss 4.4507  acc 0.9784  val loss 4.6923  val acc 0.7372
epoch 72/100  loss 4.4522  acc 0.9773  val loss 4.6905  val acc 0.7392
epoch 73/100  loss 4.4494  acc 0.9801  val loss 4.6817  val acc 0.7508
epoch 74/100  loss 4.4496  acc 0.9795  val loss 4.6794  val acc 0.7522
epoch 75/100  loss 4.4502  acc 0.9787  val loss 4.6653  val acc 0.7644
epoch 76/100  loss 4.4499  acc 0.9795  val loss 4.6685  val acc 0.7628
epoch 77/100  loss 4.4507  acc 0.9783  val loss 4.6711  val acc 0.7623
epoch 78/100  loss 4.4511  acc 0.9784  val loss 4.6612  val acc 0.7712
epoch 79/100  loss 4.4500  acc 0.9790  val loss 4.6731  val acc 0.7580
epoch 80/100  loss 4.4491  acc 0.9800  val loss 4.6706  val acc 0.7628
epoch 81/100  loss 4.4486  acc 0.9803  val loss 4.6732  val acc 0.7560
epoch 82/100  loss 4.4504  acc 0.9787  val loss 4.6904  val acc 0.7406
epoch 83/100  loss 4.4484  acc 0.9808  val loss 4.6663  val acc 0.7648
epoch 84/100  loss 4.4478  acc 0.9811  val loss 4.6745  val acc 0.7567
epoch 85/100  loss 4.4500  acc 0.9792  val loss 4.6856  val acc 0.7454
epoch 86/100  loss 4.4494  acc 0.9796  val loss 4.6712  val acc 0.7583
epoch 87/100  loss 4.4478  acc 0.9812  val loss 4.6722  val acc 0.7592
epoch 88/100  loss 4.4488  acc 0.9802  val loss 4.6736  val acc 0.7571
epoch 89/100  loss 4.4472  acc 0.9813  val loss 4.6794  val acc 0.7512
epoch 90/100  loss 4.4472  acc 0.9817  val loss 4.6653  val acc 0.7641
epoch 91/100  loss 4.4473  acc 0.9814  val loss 4.6738  val acc 0.7551
epoch 92/100  loss 4.4455  acc 0.9838  val loss 4.6970  val acc 0.7347
epoch 93/100  loss 4.4458  acc 0.9828  val loss 4.6710  val acc 0.7601
epoch 94/100  loss 4.4447  acc 0.9845  val loss 4.6822  val acc 0.7483
epoch 95/100  loss 4.4450  acc 0.9838  val loss 4.6915  val acc 0.7395
epoch 96/100  loss 4.4451  acc 0.9841  val loss 4.6805  val acc 0.7501
epoch 97/100  loss 4.4438  acc 0.9849  val loss 4.6862  val acc 0.7447
epoch 98/100  loss 4.4448  acc 0.9843  val loss 4.6770  val acc 0.7533
epoch 99/100  loss 4.4454  acc 0.9834  val loss 4.6817  val acc 0.7485
epoch 100/100  loss 4.4438  acc 0.9852  val loss 4.6685  val acc 0.7617
saved checkpoints/x3d_m_freeze4.pt and figures/x3d_m_freeze4.png
