cache hit: cache/train_16x224.u8
cache hit: cache/val_16x224.u8
X3D-M | 0 blocks frozen | 16 frames at 224px | 28132 train / 4418 val clips on cuda
epoch 1/100  loss 5.2913  acc 0.1516  val loss 5.1115  val acc 0.3463
epoch 2/100  loss 4.9944  acc 0.4627  val loss 4.9199  val acc 0.5299
epoch 3/100  loss 4.8287  acc 0.6244  val loss 4.8159  val acc 0.6342
epoch 4/100  loss 4.7263  acc 0.7249  val loss 4.7562  val acc 0.6861
epoch 5/100  loss 4.6676  acc 0.7791  val loss 4.7282  val acc 0.7130
epoch 6/100  loss 4.6218  acc 0.8226  val loss 4.7000  val acc 0.7420
epoch 7/100  loss 4.5916  acc 0.8505  val loss 4.6752  val acc 0.7660
epoch 8/100  loss 4.5700  acc 0.8704  val loss 4.6988  val acc 0.7408
epoch 9/100  loss 4.5539  acc 0.8842  val loss 4.6582  val acc 0.7809
epoch 10/100  loss 4.5380  acc 0.8993  val loss 4.6424  val acc 0.7945
epoch 11/100  loss 4.5269  acc 0.9104  val loss 4.6465  val acc 0.7924
epoch 12/100  loss 4.5165  acc 0.9195  val loss 4.6498  val acc 0.7868
epoch 13/100  loss 4.5098  acc 0.9250  val loss 4.6471  val acc 0.7868
epoch 14/100  loss 4.5039  acc 0.9297  val loss 4.6463  val acc 0.7890
epoch 15/100  loss 4.4983  acc 0.9352  val loss 4.6370  val acc 0.7997
epoch 16/100  loss 4.4963  acc 0.9368  val loss 4.6360  val acc 0.7961
epoch 17/100  loss 4.4899  acc 0.9434  val loss 4.6141  val acc 0.8232
epoch 18/100  loss 4.4865  acc 0.9460  val loss 4.6216  val acc 0.8112
epoch 19/100  loss 4.4837  acc 0.9487  val loss 4.6241  val acc 0.8115
epoch 20/100  loss 4.4798  acc 0.9523  val loss 4.6047  val acc 0.8293
epoch 21/100  loss 4.4792  acc 0.9528  val loss 4.6144  val acc 0.8182
epoch 22/100  loss 4.4751  acc 0.9566  val loss 4.6120  val acc 0.8228
epoch 23/100  loss 4.4743  acc 0.9575  val loss 4.6163  val acc 0.8162
epoch 24/100  loss 4.4732  acc 0.9583  val loss 4.6215  val acc 0.8099
epoch 25/100  loss 4.4729  acc 0.9582  val loss 4.6201  val acc 0.8135
epoch 26/100  loss 4.4704  acc 0.9611  val loss 4.6191  val acc 0.8117
epoch 27/100  loss 4.4704  acc 0.9604  val loss 4.6098  val acc 0.8228
epoch 28/100  loss 4.4703  acc 0.9599  val loss 4.6138  val acc 0.8180
epoch 29/100  loss 4.4686  acc 0.9621  val loss 4.6172  val acc 0.8151
epoch 30/100  loss 4.4672  acc 0.9633  val loss 4.6187  val acc 0.8135
epoch 31/100  loss 4.4658  acc 0.9645  val loss 4.5945  val acc 0.8382
epoch 32/100  loss 4.4663  acc 0.9639  val loss 4.6105  val acc 0.8201
epoch 33/100  loss 4.4644  acc 0.9660  val loss 4.6185  val acc 0.8130
epoch 34/100  loss 4.4653  acc 0.9651  val loss 4.6143  val acc 0.8180
epoch 35/100  loss 4.4650  acc 0.9653  val loss 4.6108  val acc 0.8196
epoch 36/100  loss 4.4654  acc 0.9648  val loss 4.6145  val acc 0.8155
epoch 37/100  loss 4.4624  acc 0.9675  val loss 4.6149  val acc 0.8164
epoch 38/100  loss 4.4652  acc 0.9647  val loss 4.6203  val acc 0.8076
epoch 39/100  loss 4.4619  acc 0.9678  val loss 4.6139  val acc 0.8180
epoch 40/100  loss 4.4633  acc 0.9667  val loss 4.6132  val acc 0.8185
epoch 41/100  loss 4.4608  acc 0.9688  val loss 4.6192  val acc 0.8115
epoch 42/100  loss 4.4644  acc 0.9654  val loss 4.6085  val acc 0.8228
epoch 43/100  loss 4.4597  acc 0.9698  val loss 4.6044  val acc 0.8257
epoch 44/100  loss 4.4610  acc 0.9686  val loss 4.6088  val acc 0.8221
epoch 45/100  loss 4.4611  acc 0.9685  val loss 4.5879  val acc 0.8450
epoch 46/100  loss 4.4600  acc 0.9693  val loss 4.6120  val acc 0.8182
epoch 47/100  loss 4.4606  acc 0.9694  val loss 4.6062  val acc 0.8250
epoch 48/100  loss 4.4565  acc 0.9728  val loss 4.5979  val acc 0.8318
epoch 49/100  loss 4.4566  acc 0.9728  val loss 4.6245  val acc 0.8058
epoch 50/100  loss 4.4565  acc 0.9727  val loss 4.5977  val acc 0.8318
epoch 51/100  loss 4.4570  acc 0.9725  val loss 4.5996  val acc 0.8296
epoch 52/100  loss 4.4547  acc 0.9747  val loss 4.5931  val acc 0.8395
epoch 53/100  loss 4.4542  acc 0.9752  val loss 4.5937  val acc 0.8377
epoch 54/100  loss 4.4543  acc 0.9750  val loss 4.5924  val acc 0.8359
epoch 55/100  loss 4.4549  acc 0.9743  val loss 4.5951  val acc 0.8357
epoch 56/100  loss 4.4534  acc 0.9758  val loss 4.5926  val acc 0.8379
epoch 57/100  loss 4.4542  acc 0.9750  val loss 4.5868  val acc 0.8434
epoch 58/100  loss 4.4539  acc 0.9752  val loss 4.5891  val acc 0.8413
epoch 59/100  loss 4.4533  acc 0.9755  val loss 4.5950  val acc 0.8350
epoch 60/100  loss 4.4542  acc 0.9750  val loss 4.5841  val acc 0.8459
epoch 61/100  loss 4.4527  acc 0.9766  val loss 4.5969  val acc 0.8334
epoch 62/100  loss 4.4522  acc 0.9769  val loss 4.5964  val acc 0.8336
epoch 63/100  loss 4.4545  acc 0.9748  val loss 4.5900  val acc 0.8402
epoch 64/100  loss 4.4514  acc 0.9776  val loss 4.5825  val acc 0.8470
epoch 65/100  loss 4.4539  acc 0.9755  val loss 4.6004  val acc 0.8302
epoch 66/100  loss 4.4504  acc 0.9785  val loss 4.5911  val acc 0.8397
epoch 67/100  loss 4.4532  acc 0.9761  val loss 4.5884  val acc 0.8411
epoch 68/100  loss 4.4531  acc 0.9761  val loss 4.5809  val acc 0.8506
epoch 69/100  loss 4.4501  acc 0.9788  val loss 4.6064  val acc 0.8248
epoch 70/100  loss 4.4484  acc 0.9807  val loss 4.6111  val acc 0.8189
epoch 71/100  loss 4.4480  acc 0.9812  val loss 4.5954  val acc 0.8352
epoch 72/100  loss 4.4479  acc 0.9812  val loss 4.5906  val acc 0.8391
epoch 73/100  loss 4.4490  acc 0.9801  val loss 4.5876  val acc 0.8436
epoch 74/100  loss 4.4487  acc 0.9801  val loss 4.5983  val acc 0.8321
epoch 75/100  loss 4.4476  acc 0.9811  val loss 4.5826  val acc 0.8461
epoch 76/100  loss 4.4491  acc 0.9796  val loss 4.5892  val acc 0.8413
epoch 77/100  loss 4.4479  acc 0.9814  val loss 4.6005  val acc 0.8289
epoch 78/100  loss 4.4476  acc 0.9812  val loss 4.5922  val acc 0.8379
epoch 79/100  loss 4.4473  acc 0.9813  val loss 4.5901  val acc 0.8388
epoch 80/100  loss 4.4474  acc 0.9815  val loss 4.5912  val acc 0.8400
epoch 81/100  loss 4.4472  acc 0.9813  val loss 4.5960  val acc 0.8343
epoch 82/100  loss 4.4453  acc 0.9838  val loss 4.5938  val acc 0.8368
epoch 83/100  loss 4.4471  acc 0.9816  val loss 4.5888  val acc 0.8429
epoch 84/100  loss 4.4461  acc 0.9829  val loss 4.5941  val acc 0.8377
epoch 85/100  loss 4.4483  acc 0.9805  val loss 4.5798  val acc 0.8499
epoch 86/100  loss 4.4454  acc 0.9834  val loss 4.5889  val acc 0.8418
epoch 87/100  loss 4.4464  acc 0.9826  val loss 4.5919  val acc 0.8375
epoch 88/100  loss 4.4469  acc 0.9819  val loss 4.5868  val acc 0.8422
epoch 89/100  loss 4.4461  acc 0.9827  val loss 4.5823  val acc 0.8481
epoch 90/100  loss 4.4461  acc 0.9824  val loss 4.5964  val acc 0.8323
epoch 91/100  loss 4.4460  acc 0.9827  val loss 4.5946  val acc 0.8375
epoch 92/100  loss 4.4458  acc 0.9828  val loss 4.5902  val acc 0.8388
epoch 93/100  loss 4.4455  acc 0.9832  val loss 4.5880  val acc 0.8429
epoch 94/100  loss 4.4478  acc 0.9811  val loss 4.5780  val acc 0.8522
epoch 95/100  loss 4.4451  acc 0.9835  val loss 4.5765  val acc 0.8540
epoch 96/100  loss 4.4458  acc 0.9829  val loss 4.5887  val acc 0.8397
epoch 97/100  loss 4.4461  acc 0.9824  val loss 4.5951  val acc 0.8339
epoch 98/100  loss 4.4452  acc 0.9836  val loss 4.5767  val acc 0.8531
epoch 99/100  loss 4.4462  acc 0.9826  val loss 4.5892  val acc 0.8409
epoch 100/100  loss 4.4456  acc 0.9832  val loss 4.5780  val acc 0.8515
saved checkpoints/x3d_m_freeze0.pt and figures/x3d_m_freeze0.png
