cache hit: cache/train_13x160.u8
cache hit: cache/val_13x160.u8
X3D-S | 4 blocks frozen | 13 frames at 160px | 28132 train / 4418 val clips on cuda
epoch 1/100  loss 5.3289  acc 0.1093  val loss 5.2270  val acc 0.2196
epoch 2/100  loss 5.1410  acc 0.3083  val loss 5.1014  val acc 0.3404
epoch 3/100  loss 5.0149  acc 0.4361  val loss 5.0266  val acc 0.4149
epoch 4/100  loss 4.9374  acc 0.5122  val loss 4.9776  val acc 0.4656
epoch 5/100  loss 4.8805  acc 0.5682  val loss 4.9379  val acc 0.5079
epoch 6/100  loss 4.8278  acc 0.6189  val loss 4.9027  val acc 0.5373
epoch 7/100  loss 4.7851  acc 0.6615  val loss 4.8953  val acc 0.5464
epoch 8/100  loss 4.7460  acc 0.6993  val loss 4.8673  val acc 0.5731
epoch 9/100  loss 4.7165  acc 0.7273  val loss 4.8536  val acc 0.5844
epoch 10/100  loss 4.6888  acc 0.7553  val loss 4.8301  val acc 0.6111
epoch 11/100  loss 4.6629  acc 0.7784  val loss 4.8340  val acc 0.6032
epoch 12/100  loss 4.6452  acc 0.7954  val loss 4.8178  val acc 0.6231
epoch 13/100  loss 4.6308  acc 0.8095  val loss 4.8096  val acc 0.6268
epoch 14/100  loss 4.6176  acc 0.8213  val loss 4.8196  val acc 0.6157
epoch 15/100  loss 4.6059  acc 0.8325  val loss 4.8021  val acc 0.6347
epoch 16/100  loss 4.5916  acc 0.8461  val loss 4.7838  val acc 0.6510
epoch 17/100  loss 4.5827  acc 0.8539  val loss 4.7815  val acc 0.6510
epoch 18/100  loss 4.5738  acc 0.8633  val loss 4.7836  val acc 0.6521
epoch 19/100  loss 4.5655  acc 0.8709  val loss 4.7954  val acc 0.6399
epoch 20/100  loss 4.5569  acc 0.8780  val loss 4.7848  val acc 0.6489
epoch 21/100  loss 4.5497  acc 0.8861  val loss 4.7816  val acc 0.6507
epoch 22/100  loss 4.5435  acc 0.8922  val loss 4.7849  val acc 0.6476
epoch 23/100  loss 4.5402  acc 0.8942  val loss 4.7643  val acc 0.6718
epoch 24/100  loss 4.5364  acc 0.8982  val loss 4.7864  val acc 0.6485
epoch 25/100  loss 4.5320  acc 0.9015  val loss 4.7754  val acc 0.6589
epoch 26/100  loss 4.5269  acc 0.9070  val loss 4.7837  val acc 0.6487
epoch 27/100  loss 4.5211  acc 0.9134  val loss 4.7760  val acc 0.6621
epoch 28/100  loss 4.5191  acc 0.9146  val loss 4.7729  val acc 0.6614
epoch 29/100  loss 4.5139  acc 0.9191  val loss 4.7740  val acc 0.6600
epoch 30/100  loss 4.5126  acc 0.9202  val loss 4.7811  val acc 0.6528
epoch 31/100  loss 4.5088  acc 0.9238  val loss 4.7658  val acc 0.6673
epoch 32/100  loss 4.5079  acc 0.9249  val loss 4.7905  val acc 0.6442
epoch 33/100  loss 4.5055  acc 0.9273  val loss 4.7747  val acc 0.6573
epoch 34/100  loss 4.5032  acc 0.9289  val loss 4.7699  val acc 0.6621
epoch 35/100  loss 4.4992  acc 0.9322  val loss 4.7712  val acc 0.6614
epoch 36/100  loss 4.4986  acc 0.9337  val loss 4.7759  val acc 0.6587
epoch 37/100  loss 4.4973  acc 0.9347  val loss 4.7568  val acc 0.6786
epoch 38/100  loss 4.4953  acc 0.9364  val loss 4.7788  val acc 0.6544
epoch 39/100  loss 4.4934  acc 0.9388  val loss 4.7850  val acc 0.6458
epoch 40/100  loss 4.4902  acc 0.9411  val loss 4.7621  val acc 0.6689
epoch 41/100  loss 4.4887  acc 0.9429  val loss 4.7782  val acc 0.6539
epoch 42/100  loss 4.4868  acc 0.9438  val loss 4.7486  val acc 0.6842
epoch 43/100  loss 4.4839  acc 0.9477  val loss 4.7663  val acc 0.6670
epoch 44/100  loss 4.4823  acc 0.9490  val loss 4.7759  val acc 0.6575
epoch 45/100  loss 4.4790  acc 0.9523  val loss 4.7473  val acc 0.6895
epoch 46/100  loss 4.4806  acc 0.9497  val loss 4.7599  val acc 0.6725
epoch 47/100  loss 4.4781  acc 0.9526  val loss 4.7667  val acc 0.6646
epoch 48/100  loss 4.4767  acc 0.9536  val loss 4.7722  val acc 0.6612
epoch 49/100  loss 4.4747  acc 0.9566  val loss 4.7517  val acc 0.6822
epoch 50/100  loss 4.4727  acc 0.9579  val loss 4.7438  val acc 0.6854
epoch 51/100  loss 4.4702  acc 0.9602  val loss 4.7564  val acc 0.6759
epoch 52/100  loss 4.4706  acc 0.9600  val loss 4.7808  val acc 0.6505
epoch 53/100  loss 4.4706  acc 0.9598  val loss 4.7367  val acc 0.6958
epoch 54/100  loss 4.4691  acc 0.9614  val loss 4.7593  val acc 0.6729
epoch 55/100  loss 4.4692  acc 0.9613  val loss 4.7385  val acc 0.6949
epoch 56/100  loss 4.4689  acc 0.9614  val loss 4.7608  val acc 0.6707
epoch 57/100  loss 4.4682  acc 0.9617  val loss 4.7680  val acc 0.6646
epoch 58/100  loss 4.4683  acc 0.9616  val loss 4.7400  val acc 0.6926
epoch 59/100  loss 4.4685  acc 0.9618  val loss 4.7436  val acc 0.6872
epoch 60/100  loss 4.4662  acc 0.9640  val loss 4.7548  val acc 0.6793
epoch 61/100  loss 4.4659  acc 0.9638  val loss 4.7551  val acc 0.6745
epoch 62/100  loss 4.4664  acc 0.9638  val loss 4.7616  val acc 0.6711
epoch 63/100  loss 4.4680  acc 0.9623  val loss 4.7637  val acc 0.6677
epoch 64/100  loss 4.4671  acc 0.9631  val loss 4.7559  val acc 0.6738
epoch 65/100  loss 4.4650  acc 0.9642  val loss 4.7462  val acc 0.6863
epoch 66/100  loss 4.4645  acc 0.9653  val loss 4.7686  val acc 0.6627
epoch 67/100  loss 4.4646  acc 0.9653  val loss 4.7460  val acc 0.6858
epoch 68/100  loss 4.4660  acc 0.9635  val loss 4.7496  val acc 0.6833
epoch 69/100  loss 4.4634  acc 0.9663  val loss 4.7406  val acc 0.6906
epoch 70/100  loss 4.4625  acc 0.9668  val loss 4.7352  val acc 0.6983
epoch 71/100  loss 4.4635  acc 0.9661  val loss 4.7534  val acc 0.6754
epoch 72/100  loss 4.4635  acc 0.9657  val loss 4.7395  val acc 0.6910
epoch 73/100  loss 4.4633  acc 0.9667  val loss 4.7462  val acc 0.6867
epoch 74/100  loss 4.4626  acc 0.9667  val loss 4.7325  val acc 0.6992
epoch 75/100  loss 4.4626  acc 0.9671  val loss 4.7469  val acc 0.6845
epoch 76/100  loss 4.4594  acc 0.9705  val loss 4.7586  val acc 0.6734
epoch 77/100  loss 4.4612  acc 0.9686  val loss 4.7374  val acc 0.6956
epoch 78/100  loss 4.4576  acc 0.9723  val loss 4.7556  val acc 0.6759
epoch 79/100  loss 4.4589  acc 0.9706  val loss 4.7316  val acc 0.7017
epoch 80/100  loss 4.4573  acc 0.9723  val loss 4.7439  val acc 0.6870
epoch 81/100  loss 4.4582  acc 0.9713  val loss 4.7304  val acc 0.7012
epoch 82/100  loss 4.4578  acc 0.9717  val loss 4.7474  val acc 0.6833
epoch 83/100  loss 4.4559  acc 0.9738  val loss 4.7534  val acc 0.6768
epoch 84/100  loss 4.4576  acc 0.9717  val loss 4.7427  val acc 0.6881
epoch 85/100  loss 4.4567  acc 0.9726  val loss 4.7381  val acc 0.6919
epoch 86/100  loss 4.4560  acc 0.9733  val loss 4.7512  val acc 0.6790
epoch 87/100  loss 4.4555  acc 0.9739  val loss 4.7444  val acc 0.6856
epoch 88/100  loss 4.4556  acc 0.9737  val loss 4.7416  val acc 0.6892
epoch 89/100  loss 4.4554  acc 0.9740  val loss 4.7334  val acc 0.6978
epoch 90/100  loss 4.4534  acc 0.9759  val loss 4.7414  val acc 0.6892
epoch 91/100  loss 4.4530  acc 0.9766  val loss 4.7221  val acc 0.7112
epoch 92/100  loss 4.4533  acc 0.9759  val loss 4.7414  val acc 0.6899
epoch 93/100  loss 4.4528  acc 0.9766  val loss 4.7413  val acc 0.6876
epoch 94/100  loss 4.4544  acc 0.9748  val loss 4.7441  val acc 0.6858
epoch 95/100  loss 4.4513  acc 0.9779  val loss 4.7519  val acc 0.6779
epoch 96/100  loss 4.4530  acc 0.9763  val loss 4.7466  val acc 0.6831
epoch 97/100  loss 4.4529  acc 0.9768  val loss 4.7374  val acc 0.6944
epoch 98/100  loss 4.4520  acc 0.9774  val loss 4.7546  val acc 0.6752
epoch 99/100  loss 4.4518  acc 0.9774  val loss 4.7304  val acc 0.7008
epoch 100/100  loss 4.4517  acc 0.9777  val loss 4.7362  val acc 0.6960
saved checkpoints/x3d_s_freeze4.pt and figures/x3d_s_freeze4.png
