cache hit: cache/train_16x224.u8
cache hit: cache/val_16x224.u8
X3D-M | 2 blocks frozen | 16 frames at 224px | 28132 train / 4418 val clips on cuda
epoch 1/100  loss 5.2928  acc 0.1504  val loss 5.1156  val acc 0.3354
epoch 2/100  loss 4.9899  acc 0.4677  val loss 4.9164  val acc 0.5319
epoch 3/100  loss 4.8274  acc 0.6264  val loss 4.8168  val acc 0.6274
epoch 4/100  loss 4.7303  acc 0.7210  val loss 4.7678  val acc 0.6770
epoch 5/100  loss 4.6713  acc 0.7750  val loss 4.7340  val acc 0.7071
epoch 6/100  loss 4.6350  acc 0.8098  val loss 4.7108  val acc 0.7284
epoch 7/100  loss 4.5996  acc 0.8428  val loss 4.7174  val acc 0.7220
epoch 8/100  loss 4.5735  acc 0.8676  val loss 4.6655  val acc 0.7782
epoch 9/100  loss 4.5546  acc 0.8852  val loss 4.6631  val acc 0.7768
epoch 10/100  loss 4.5411  acc 0.8961  val loss 4.6677  val acc 0.7682
epoch 11/100  loss 4.5307  acc 0.9060  val loss 4.6519  val acc 0.7843
epoch 12/100  loss 4.5210  acc 0.9156  val loss 4.6524  val acc 0.7804
epoch 13/100  loss 4.5097  acc 0.9257  val loss 4.6507  val acc 0.7859
epoch 14/100  loss 4.5034  acc 0.9310  val loss 4.6372  val acc 0.7974
epoch 15/100  loss 4.4957  acc 0.9388  val loss 4.6244  val acc 0.8092
epoch 16/100  loss 4.4892  acc 0.9439  val loss 4.6218  val acc 0.8115
epoch 17/100  loss 4.4886  acc 0.9452  val loss 4.6261  val acc 0.8090
epoch 18/100  loss 4.4847  acc 0.9486  val loss 4.6388  val acc 0.7956
epoch 19/100  loss 4.4805  acc 0.9523  val loss 4.6318  val acc 0.8017
epoch 20/100  loss 4.4745  acc 0.9579  val loss 4.6156  val acc 0.8189
epoch 21/100  loss 4.4724  acc 0.9596  val loss 4.6214  val acc 0.8133
epoch 22/100  loss 4.4676  acc 0.9641  val loss 4.6220  val acc 0.8101
epoch 23/100  loss 4.4655  acc 0.9663  val loss 4.6132  val acc 0.8176
epoch 24/100  loss 4.4639  acc 0.9679  val loss 4.6221  val acc 0.8148
epoch 25/100  loss 4.4602  acc 0.9715  val loss 4.6144  val acc 0.8171
epoch 26/100  loss 4.4600  acc 0.9712  val loss 4.6199  val acc 0.8160
epoch 27/100  loss 4.4589  acc 0.9722  val loss 4.6243  val acc 0.8083
epoch 28/100  loss 4.4577  acc 0.9736  val loss 4.6229  val acc 0.8090
epoch 29/100  loss 4.4554  acc 0.9752  val loss 4.6092  val acc 0.8237
epoch 30/100  loss 4.4555  acc 0.9756  val loss 4.6031  val acc 0.8275
epoch 31/100  loss 4.4549  acc 0.9756  val loss 4.6070  val acc 0.8257
epoch 32/100  loss 4.4531  acc 0.9774  val loss 4.6172  val acc 0.8158
epoch 33/100  loss 4.4523  acc 0.9784  val loss 4.6008  val acc 0.8316
epoch 34/100  loss 4.4516  acc 0.9788  val loss 4.6103  val acc 0.8205
epoch 35/100  loss 4.4511  acc 0.9789  val loss 4.6102  val acc 0.8230
epoch 36/100  loss 4.4521  acc 0.9776  val loss 4.6047  val acc 0.8257
epoch 37/100  loss 4.4515  acc 0.9786  val loss 4.6208  val acc 0.8096
epoch 38/100  loss 4.4493  acc 0.9811  val loss 4.6125  val acc 0.8205
epoch 39/100  loss 4.4485  acc 0.9814  val loss 4.5975  val acc 0.8361
epoch 40/100  loss 4.4500  acc 0.9798  val loss 4.6208  val acc 0.8124
epoch 41/100  loss 4.4487  acc 0.9809  val loss 4.6021  val acc 0.8302
epoch 42/100  loss 4.4498  acc 0.9802  val loss 4.6007  val acc 0.8314
epoch 43/100  loss 4.4489  acc 0.9810  val loss 4.6071  val acc 0.8223
epoch 44/100  loss 4.4479  acc 0.9818  val loss 4.5937  val acc 0.8400
epoch 45/100  loss 4.4474  acc 0.9824  val loss 4.5969  val acc 0.8350
epoch 46/100  loss 4.4478  acc 0.9820  val loss 4.6100  val acc 0.8203
epoch 47/100  loss 4.4472  acc 0.9825  val loss 4.5996  val acc 0.8314
epoch 48/100  loss 4.4468  acc 0.9828  val loss 4.5963  val acc 0.8348
epoch 49/100  loss 4.4474  acc 0.9822  val loss 4.6031  val acc 0.8268
epoch 50/100  loss 4.4453  acc 0.9840  val loss 4.6070  val acc 0.8241
epoch 51/100  loss 4.4471  acc 0.9821  val loss 4.6002  val acc 0.8300
epoch 52/100  loss 4.4458  acc 0.9836  val loss 4.5983  val acc 0.8334
epoch 53/100  loss 4.4473  acc 0.9825  val loss 4.5930  val acc 0.8368
epoch 54/100  loss 4.4450  acc 0.9845  val loss 4.5915  val acc 0.8379
epoch 55/100  loss 4.4441  acc 0.9852  val loss 4.5975  val acc 0.8323
epoch 56/100  loss 4.4456  acc 0.9835  val loss 4.5994  val acc 0.8321
epoch 57/100  loss 4.4441  acc 0.9852  val loss 4.6118  val acc 0.8201
epoch 58/100  loss 4.4443  acc 0.9850  val loss 4.5989  val acc 0.8305
epoch 59/100  loss 4.4448  acc 0.9848  val loss 4.6034  val acc 0.8278
epoch 60/100  loss 4.4443  acc 0.9846  val loss 4.6086  val acc 0.8210
epoch 61/100  loss 4.4437  acc 0.9851  val loss 4.6062  val acc 0.8248
epoch 62/100  loss 4.4423  acc 0.9868  val loss 4.5920  val acc 0.8388
epoch 63/100  loss 4.4433  acc 0.9859  val loss 4.6085  val acc 0.8228
epoch 64/100  loss 4.4432  acc 0.9859  val loss 4.6062  val acc 0.8232
epoch 65/100  loss 4.4411  acc 0.9881  val loss 4.6062  val acc 0.8244
epoch 66/100  loss 4.4413  acc 0.9882  val loss 4.5968  val acc 0.8343
epoch 67/100  loss 4.4413  acc 0.9878  val loss 4.6032  val acc 0.8266
epoch 68/100  loss 4.4404  acc 0.9890  val loss 4.5709  val acc 0.8612
epoch 69/100  loss 4.4417  acc 0.9872  val loss 4.5859  val acc 0.8436
epoch 70/100  loss 4.4398  acc 0.9891  val loss 4.5944  val acc 0.8339
epoch 71/100  loss 4.4400  acc 0.9887  val loss 4.5848  val acc 0.8445
epoch 72/100  loss 4.4393  acc 0.9900  val loss 4.5886  val acc 0.8409
epoch 73/100  loss 4.4405  acc 0.9885  val loss 4.6039  val acc 0.8278
epoch 74/100  loss 4.4399  acc 0.9894  val loss 4.6049  val acc 0.8234
epoch 75/100  loss 4.4385  acc 0.9904  val loss 4.5949  val acc 0.8364
epoch 76/100  loss 4.4390  acc 0.9900  val loss 4.5876  val acc 0.8438
epoch 77/100  loss 4.4394  acc 0.9895  val loss 4.5914  val acc 0.8382
epoch 78/100  loss 4.4383  acc 0.9907  val loss 4.5814  val acc 0.8495
epoch 79/100  loss 4.4380  acc 0.9908  val loss 4.5915  val acc 0.8395
epoch 80/100  loss 4.4385  acc 0.9905  val loss 4.5916  val acc 0.8379
epoch 81/100  loss 4.4387  acc 0.9905  val loss 4.5854  val acc 0.8452
epoch 82/100  loss 4.4376  acc 0.9913  val loss 4.5744  val acc 0.8563
epoch 83/100  loss 4.4386  acc 0.9904  val loss 4.5813  val acc 0.8495
epoch 84/100  loss 4.4381  acc 0.9907  val loss 4.5880  val acc 0.8422
epoch 85/100  loss 4.4389  acc 0.9900  val loss 4.5747  val acc 0.8556
epoch 86/100  loss 4.4383  acc 0.9910  val loss 4.6001  val acc 0.8289
epoch 87/100  loss 4.4377  acc 0.9913  val loss 4.5809  val acc 0.8490
epoch 88/100  loss 4.4366  acc 0.9923  val loss 4.5815  val acc 0.8497
epoch 89/100  loss 4.4362  acc 0.9925  val loss 4.5899  val acc 0.8404
epoch 90/100  loss 4.4376  acc 0.9914  val loss 4.5770  val acc 0.8529
epoch 91/100  loss 4.4370  acc 0.9919  val loss 4.5954  val acc 0.8339
epoch 92/100  loss 4.4382  acc 0.9904  val loss 4.5945  val acc 0.8348
epoch 93/100  loss 4.4372  acc 0.9916  val loss 4.5797  val acc 0.8513
epoch 94/100  loss 4.4375  acc 0.9913  val loss 4.5813  val acc 0.8493
epoch 95/100  loss 4.4373  acc 0.9916  val loss 4.5863  val acc 0.8434
epoch 96/100  loss 4.4373  acc 0.9914  val loss 4.5820  val acc 0.8474
epoch 97/100  loss 4.4377  acc 0.9911  val loss 4.5822  val acc 0.8490
epoch 98/100  loss 4.4377  acc 0.9910  val loss 4.5797  val acc 0.8495
epoch 99/100  loss 4.4366  acc 0.9919  val loss 4.5788  val acc 0.8495
epoch 100/100  loss 4.4364  acc 0.9923  val loss 4.5709  val acc 0.8594
saved checkpoints/x3d_m_freeze2.pt and figures/x3d_m_freeze2.png
