cache hit: cache/train_4x160.u8
cache hit: cache/val_4x160.u8
X3D-XS | 1 blocks frozen | 4 frames at 160px | 28132 train / 4418 val clips on cuda
epoch 1/100  loss 5.3715  acc 0.0610  val loss 5.2854  val acc 0.1517
epoch 2/100  loss 5.2427  acc 0.1986  val loss 5.1900  val acc 0.2492
epoch 3/100  loss 5.1392  acc 0.3045  val loss 5.1226  val acc 0.3133
epoch 4/100  loss 5.0651  acc 0.3774  val loss 5.0674  val acc 0.3714
epoch 5/100  loss 5.0065  acc 0.4354  val loss 5.0351  val acc 0.4031
epoch 6/100  loss 4.9582  acc 0.4837  val loss 5.0033  val acc 0.4346
epoch 7/100  loss 4.9174  acc 0.5245  val loss 4.9937  val acc 0.4436
epoch 8/100  loss 4.8783  acc 0.5627  val loss 4.9582  val acc 0.4803
epoch 9/100  loss 4.8480  acc 0.5925  val loss 4.9408  val acc 0.4937
epoch 10/100  loss 4.8214  acc 0.6186  val loss 4.9287  val acc 0.5095
epoch 11/100  loss 4.7940  acc 0.6460  val loss 4.9191  val acc 0.5174
epoch 12/100  loss 4.7689  acc 0.6712  val loss 4.9120  val acc 0.5249
epoch 13/100  loss 4.7509  acc 0.6869  val loss 4.8887  val acc 0.5478
epoch 14/100  loss 4.7361  acc 0.7011  val loss 4.8910  val acc 0.5428
epoch 15/100  loss 4.7202  acc 0.7171  val loss 4.8859  val acc 0.5496
epoch 16/100  loss 4.7040  acc 0.7325  val loss 4.8803  val acc 0.5548
epoch 17/100  loss 4.6926  acc 0.7447  val loss 4.8522  val acc 0.5883
epoch 18/100  loss 4.6802  acc 0.7563  val loss 4.8761  val acc 0.5613
epoch 19/100  loss 4.6698  acc 0.7655  val loss 4.8573  val acc 0.5794
epoch 20/100  loss 4.6560  acc 0.7790  val loss 4.8512  val acc 0.5844
epoch 21/100  loss 4.6451  acc 0.7895  val loss 4.8683  val acc 0.5677
epoch 22/100  loss 4.6355  acc 0.7989  val loss 4.8648  val acc 0.5693
epoch 23/100  loss 4.6240  acc 0.8112  val loss 4.8692  val acc 0.5634
epoch 24/100  loss 4.6176  acc 0.8170  val loss 4.8690  val acc 0.5647
epoch 25/100  loss 4.6131  acc 0.8211  val loss 4.8497  val acc 0.5867
epoch 26/100  loss 4.6016  acc 0.8324  val loss 4.8600  val acc 0.5715
epoch 27/100  loss 4.5975  acc 0.8362  val loss 4.8455  val acc 0.5883
epoch 28/100  loss 4.5928  acc 0.8407  val loss 4.8394  val acc 0.5960
epoch 29/100  loss 4.5872  acc 0.8459  val loss 4.8467  val acc 0.5862
epoch 30/100  loss 4.5840  acc 0.8483  val loss 4.8572  val acc 0.5783
epoch 31/100  loss 4.5822  acc 0.8505  val loss 4.8397  val acc 0.5969
epoch 32/100  loss 4.5781  acc 0.8550  val loss 4.8480  val acc 0.5849
epoch 33/100  loss 4.5711  acc 0.8614  val loss 4.8323  val acc 0.6034
epoch 34/100  loss 4.5655  acc 0.8675  val loss 4.8364  val acc 0.5982
epoch 35/100  loss 4.5597  acc 0.8729  val loss 4.8436  val acc 0.5903
epoch 36/100  loss 4.5572  acc 0.8748  val loss 4.8311  val acc 0.6028
epoch 37/100  loss 4.5543  acc 0.8781  val loss 4.8274  val acc 0.6062
epoch 38/100  loss 4.5518  acc 0.8800  val loss 4.8202  val acc 0.6125
epoch 39/100  loss 4.5458  acc 0.8857  val loss 4.8139  val acc 0.6186
epoch 40/100  loss 4.5415  acc 0.8904  val loss 4.8287  val acc 0.6059
epoch 41/100  loss 4.5366  acc 0.8955  val loss 4.8339  val acc 0.5982
epoch 42/100  loss 4.5379  acc 0.8939  val loss 4.8352  val acc 0.5944
epoch 43/100  loss 4.5337  acc 0.8979  val loss 4.8348  val acc 0.5994
epoch 44/100  loss 4.5301  acc 0.9013  val loss 4.8397  val acc 0.5910
epoch 45/100  loss 4.5291  acc 0.9024  val loss 4.8504  val acc 0.5826
epoch 46/100  loss 4.5242  acc 0.9073  val loss 4.8262  val acc 0.6034
epoch 47/100  loss 4.5219  acc 0.9096  val loss 4.8402  val acc 0.5930
epoch 48/100  loss 4.5195  acc 0.9115  val loss 4.8440  val acc 0.5887
epoch 49/100  loss 4.5184  acc 0.9121  val loss 4.8520  val acc 0.5817
epoch 50/100  loss 4.5174  acc 0.9135  val loss 4.8413  val acc 0.5942
epoch 51/100  loss 4.5171  acc 0.9131  val loss 4.8099  val acc 0.6240
epoch 52/100  loss 4.5174  acc 0.9132  val loss 4.8108  val acc 0.6218
epoch 53/100  loss 4.5151  acc 0.9155  val loss 4.8094  val acc 0.6206
epoch 54/100  loss 4.5107  acc 0.9198  val loss 4.8281  val acc 0.6037
epoch 55/100  loss 4.5140  acc 0.9164  val loss 4.8400  val acc 0.5917
epoch 56/100  loss 4.5098  acc 0.9209  val loss 4.8416  val acc 0.5894
epoch 57/100  loss 4.5081  acc 0.9228  val loss 4.8127  val acc 0.6197
epoch 58/100  loss 4.5048  acc 0.9261  val loss 4.8229  val acc 0.6077
epoch 59/100  loss 4.5064  acc 0.9241  val loss 4.8096  val acc 0.6227
epoch 60/100  loss 4.5054  acc 0.9249  val loss 4.8089  val acc 0.6245
epoch 61/100  loss 4.5029  acc 0.9271  val loss 4.8212  val acc 0.6098
epoch 62/100  loss 4.5026  acc 0.9277  val loss 4.8161  val acc 0.6125
epoch 63/100  loss 4.5026  acc 0.9275  val loss 4.8615  val acc 0.5690
epoch 64/100  loss 4.5034  acc 0.9268  val loss 4.8321  val acc 0.5989
epoch 65/100  loss 4.4992  acc 0.9309  val loss 4.8347  val acc 0.5955
epoch 66/100  loss 4.4980  acc 0.9323  val loss 4.8360  val acc 0.5953
epoch 67/100  loss 4.4959  acc 0.9343  val loss 4.8435  val acc 0.5883
epoch 68/100  loss 4.4919  acc 0.9383  val loss 4.8298  val acc 0.6028
epoch 69/100  loss 4.4902  acc 0.9394  val loss 4.8096  val acc 0.6222
epoch 70/100  loss 4.4902  acc 0.9397  val loss 4.8295  val acc 0.6016
epoch 71/100  loss 4.4893  acc 0.9409  val loss 4.8355  val acc 0.5939
epoch 72/100  loss 4.4882  acc 0.9423  val loss 4.8239  val acc 0.6062
epoch 73/100  loss 4.4888  acc 0.9408  val loss 4.8204  val acc 0.6116
epoch 74/100  loss 4.4869  acc 0.9426  val loss 4.7974  val acc 0.6320
epoch 75/100  loss 4.4866  acc 0.9431  val loss 4.8312  val acc 0.6005
epoch 76/100  loss 4.4855  acc 0.9445  val loss 4.8149  val acc 0.6170
epoch 77/100  loss 4.4855  acc 0.9441  val loss 4.8181  val acc 0.6109
epoch 78/100  loss 4.4827  acc 0.9470  val loss 4.8197  val acc 0.6100
epoch 79/100  loss 4.4828  acc 0.9465  val loss 4.8302  val acc 0.6000
epoch 80/100  loss 4.4828  acc 0.9469  val loss 4.8043  val acc 0.6240
epoch 81/100  loss 4.4841  acc 0.9458  val loss 4.8225  val acc 0.6082
epoch 82/100  loss 4.4819  acc 0.9477  val loss 4.7976  val acc 0.6320
epoch 83/100  loss 4.4795  acc 0.9501  val loss 4.8139  val acc 0.6186
epoch 84/100  loss 4.4803  acc 0.9498  val loss 4.8099  val acc 0.6211
epoch 85/100  loss 4.4806  acc 0.9484  val loss 4.8270  val acc 0.6016
epoch 86/100  loss 4.4791  acc 0.9501  val loss 4.7936  val acc 0.6376
epoch 87/100  loss 4.4784  acc 0.9509  val loss 4.8279  val acc 0.6023
epoch 88/100  loss 4.4802  acc 0.9490  val loss 4.8389  val acc 0.5894
epoch 89/100  loss 4.4788  acc 0.9509  val loss 4.8063  val acc 0.6247
epoch 90/100  loss 4.4770  acc 0.9527  val loss 4.8086  val acc 0.6209
epoch 91/100  loss 4.4762  acc 0.9531  val loss 4.8133  val acc 0.6186
epoch 92/100  loss 4.4766  acc 0.9534  val loss 4.7968  val acc 0.6358
epoch 93/100  loss 4.4752  acc 0.9539  val loss 4.7867  val acc 0.6469
epoch 94/100  loss 4.4733  acc 0.9563  val loss 4.7988  val acc 0.6324
epoch 95/100  loss 4.4735  acc 0.9560  val loss 4.7937  val acc 0.6385
epoch 96/100  loss 4.4719  acc 0.9572  val loss 4.7975  val acc 0.6322
epoch 97/100  loss 4.4712  acc 0.9578  val loss 4.8215  val acc 0.6111
epoch 98/100  loss 4.4710  acc 0.9585  val loss 4.7999  val acc 0.6308
epoch 99/100  loss 4.4702  acc 0.9593  val loss 4.8111  val acc 0.6179
epoch 100/100  loss 4.4672  acc 0.9624  val loss 4.8015  val acc 0.6292
saved checkpoints/x3d_xs_freeze1.pt and figures/x3d_xs_freeze1.png
