cache hit: cache/train_16x224.u8
cache hit: cache/val_16x224.u8
X3D-M | 3 blocks frozen | 16 frames at 224px | 28132 train / 4418 val clips on cuda
epoch 1/100  loss 5.2903  acc 0.1549  val loss 5.1113  val acc 0.3411
epoch 2/100  loss 4.9914  acc 0.4668  val loss 4.9193  val acc 0.5349
epoch 3/100  loss 4.8331  acc 0.6215  val loss 4.8468  val acc 0.6014
epoch 4/100  loss 4.7399  acc 0.7108  val loss 4.7660  val acc 0.6793
epoch 5/100  loss 4.6766  acc 0.7705  val loss 4.7405  val acc 0.7055
epoch 6/100  loss 4.6350  acc 0.8092  val loss 4.7180  val acc 0.7234
epoch 7/100  loss 4.6066  acc 0.8345  val loss 4.7050  val acc 0.7356
epoch 8/100  loss 4.5816  acc 0.8592  val loss 4.7143  val acc 0.7252
epoch 9/100  loss 4.5615  acc 0.8776  val loss 4.6816  val acc 0.7544
epoch 10/100  loss 4.5467  acc 0.8905  val loss 4.6780  val acc 0.7569
epoch 11/100  loss 4.5381  acc 0.8986  val loss 4.6667  val acc 0.7703
epoch 12/100  loss 4.5269  acc 0.9086  val loss 4.6752  val acc 0.7612
epoch 13/100  loss 4.5185  acc 0.9173  val loss 4.6598  val acc 0.7770
epoch 14/100  loss 4.5089  acc 0.9257  val loss 4.6664  val acc 0.7707
epoch 15/100  loss 4.5033  acc 0.9306  val loss 4.6408  val acc 0.7947
epoch 16/100  loss 4.4984  acc 0.9357  val loss 4.6543  val acc 0.7827
epoch 17/100  loss 4.4921  acc 0.9411  val loss 4.6485  val acc 0.7847
epoch 18/100  loss 4.4893  acc 0.9436  val loss 4.6553  val acc 0.7782
epoch 19/100  loss 4.4892  acc 0.9428  val loss 4.6584  val acc 0.7755
epoch 20/100  loss 4.4871  acc 0.9449  val loss 4.6525  val acc 0.7820
epoch 21/100  loss 4.4827  acc 0.9497  val loss 4.6389  val acc 0.7933
epoch 22/100  loss 4.4814  acc 0.9508  val loss 4.6527  val acc 0.7811
epoch 23/100  loss 4.4791  acc 0.9529  val loss 4.6457  val acc 0.7888
epoch 24/100  loss 4.4777  acc 0.9541  val loss 4.6574  val acc 0.7770
epoch 25/100  loss 4.4720  acc 0.9598  val loss 4.6321  val acc 0.7979
epoch 26/100  loss 4.4673  acc 0.9638  val loss 4.6566  val acc 0.7748
epoch 27/100  loss 4.4651  acc 0.9667  val loss 4.6251  val acc 0.8076
epoch 28/100  loss 4.4622  acc 0.9689  val loss 4.6357  val acc 0.7967
epoch 29/100  loss 4.4628  acc 0.9678  val loss 4.6259  val acc 0.8083
epoch 30/100  loss 4.4586  acc 0.9718  val loss 4.6316  val acc 0.8022
epoch 31/100  loss 4.4604  acc 0.9701  val loss 4.6319  val acc 0.8031
epoch 32/100  loss 4.4592  acc 0.9717  val loss 4.6273  val acc 0.8033
epoch 33/100  loss 4.4594  acc 0.9713  val loss 4.6275  val acc 0.8026
epoch 34/100  loss 4.4558  acc 0.9741  val loss 4.6360  val acc 0.7952
epoch 35/100  loss 4.4571  acc 0.9730  val loss 4.6214  val acc 0.8092
epoch 36/100  loss 4.4572  acc 0.9725  val loss 4.6259  val acc 0.8060
epoch 37/100  loss 4.4571  acc 0.9733  val loss 4.6279  val acc 0.8013
epoch 38/100  loss 4.4544  acc 0.9757  val loss 4.6510  val acc 0.7818
epoch 39/100  loss 4.4543  acc 0.9758  val loss 4.6271  val acc 0.8038
epoch 40/100  loss 4.4540  acc 0.9761  val loss 4.6295  val acc 0.8015
epoch 41/100  loss 4.4553  acc 0.9748  val loss 4.6362  val acc 0.7965
epoch 42/100  loss 4.4541  acc 0.9758  val loss 4.6281  val acc 0.8010
epoch 43/100  loss 4.4522  acc 0.9776  val loss 4.6257  val acc 0.8038
epoch 44/100  loss 4.4521  acc 0.9776  val loss 4.6316  val acc 0.7970
epoch 45/100  loss 4.4528  acc 0.9765  val loss 4.6127  val acc 0.8198
epoch 46/100  loss 4.4522  acc 0.9773  val loss 4.6151  val acc 0.8155
epoch 47/100  loss 4.4513  acc 0.9781  val loss 4.6204  val acc 0.8110
epoch 48/100  loss 4.4506  acc 0.9790  val loss 4.6143  val acc 0.8176
epoch 49/100  loss 4.4519  acc 0.9774  val loss 4.6296  val acc 0.8024
epoch 50/100  loss 4.4519  acc 0.9779  val loss 4.6227  val acc 0.8101
epoch 51/100  loss 4.4505  acc 0.9790  val loss 4.6115  val acc 0.8191
epoch 52/100  loss 4.4500  acc 0.9791  val loss 4.6261  val acc 0.8051
epoch 53/100  loss 4.4503  acc 0.9791  val loss 4.6168  val acc 0.8133
epoch 54/100  loss 4.4504  acc 0.9788  val loss 4.6160  val acc 0.8137
epoch 55/100  loss 4.4490  acc 0.9803  val loss 4.6216  val acc 0.8090
epoch 56/100  loss 4.4514  acc 0.9776  val loss 4.6165  val acc 0.8137
epoch 57/100  loss 4.4483  acc 0.9808  val loss 4.6320  val acc 0.7986
epoch 58/100  loss 4.4506  acc 0.9790  val loss 4.6124  val acc 0.8180
epoch 59/100  loss 4.4476  acc 0.9818  val loss 4.6109  val acc 0.8176
epoch 60/100  loss 4.4503  acc 0.9790  val loss 4.6166  val acc 0.8182
epoch 61/100  loss 4.4465  acc 0.9829  val loss 4.6289  val acc 0.8029
epoch 62/100  loss 4.4443  acc 0.9849  val loss 4.6290  val acc 0.8024
epoch 63/100  loss 4.4448  acc 0.9845  val loss 4.6171  val acc 0.8142
epoch 64/100  loss 4.4424  acc 0.9870  val loss 4.6257  val acc 0.8035
epoch 65/100  loss 4.4414  acc 0.9880  val loss 4.6114  val acc 0.8189
epoch 66/100  loss 4.4422  acc 0.9872  val loss 4.5990  val acc 0.8339
epoch 67/100  loss 4.4415  acc 0.9876  val loss 4.6252  val acc 0.8081
epoch 68/100  loss 4.4413  acc 0.9878  val loss 4.6276  val acc 0.8013
epoch 69/100  loss 4.4401  acc 0.9893  val loss 4.6167  val acc 0.8146
epoch 70/100  loss 4.4408  acc 0.9882  val loss 4.6013  val acc 0.8282
epoch 71/100  loss 4.4419  acc 0.9872  val loss 4.6190  val acc 0.8090
epoch 72/100  loss 4.4412  acc 0.9881  val loss 4.6135  val acc 0.8178
epoch 73/100  loss 4.4396  acc 0.9892  val loss 4.6151  val acc 0.8167
epoch 74/100  loss 4.4406  acc 0.9889  val loss 4.6236  val acc 0.8062
epoch 75/100  loss 4.4382  acc 0.9909  val loss 4.6146  val acc 0.8142
epoch 76/100  loss 4.4409  acc 0.9881  val loss 4.6255  val acc 0.8065
epoch 77/100  loss 4.4382  acc 0.9906  val loss 4.6221  val acc 0.8083
epoch 78/100  loss 4.4397  acc 0.9893  val loss 4.6197  val acc 0.8112
epoch 79/100  loss 4.4400  acc 0.9890  val loss 4.6205  val acc 0.8087
epoch 80/100  loss 4.4404  acc 0.9884  val loss 4.6080  val acc 0.8234
epoch 81/100  loss 4.4392  acc 0.9899  val loss 4.6197  val acc 0.8112
epoch 82/100  loss 4.4383  acc 0.9905  val loss 4.6126  val acc 0.8182
epoch 83/100  loss 4.4379  acc 0.9910  val loss 4.6149  val acc 0.8144
epoch 84/100  loss 4.4386  acc 0.9904  val loss 4.6185  val acc 0.8126
epoch 85/100  loss 4.4379  acc 0.9909  val loss 4.6132  val acc 0.8171
epoch 86/100  loss 4.4372  acc 0.9918  val loss 4.6139  val acc 0.8160
epoch 87/100  loss 4.4384  acc 0.9905  val loss 4.6082  val acc 0.8234
epoch 88/100  loss 4.4385  acc 0.9903  val loss 4.6155  val acc 0.8139
epoch 89/100  loss 4.4390  acc 0.9900  val loss 4.6102  val acc 0.8196
epoch 90/100  loss 4.4380  acc 0.9908  val loss 4.6153  val acc 0.8139
epoch 91/100  loss 4.4396  acc 0.9895  val loss 4.6022  val acc 0.8275
epoch 92/100  loss 4.4370  acc 0.9918  val loss 4.6091  val acc 0.8212
epoch 93/100  loss 4.4383  acc 0.9905  val loss 4.6150  val acc 0.8139
epoch 94/100  loss 4.4377  acc 0.9911  val loss 4.6138  val acc 0.8167
epoch 95/100  loss 4.4378  acc 0.9910  val loss 4.6021  val acc 0.8296
epoch 96/100  loss 4.4380  acc 0.9907  val loss 4.6155  val acc 0.8137
epoch 97/100  loss 4.4376  acc 0.9911  val loss 4.6152  val acc 0.8155
epoch 98/100  loss 4.4374  acc 0.9915  val loss 4.6015  val acc 0.8293
epoch 99/100  loss 4.4372  acc 0.9914  val loss 4.5997  val acc 0.8296
epoch 100/100  loss 4.4368  acc 0.9920  val loss 4.6109  val acc 0.8191
saved checkpoints/x3d_m_freeze3.pt and figures/x3d_m_freeze3.png
